03-08-2026 00:28:41 [INFO] ========== Test Suite Started : API Automation Tests ==========
03-08-2026 00:28:42 [INFO] STARTED : verifyHealthCheckStatusCode
03-08-2026 00:28:45 [INFO] PASSED : verifyHealthCheckStatusCode
03-08-2026 00:28:45 [INFO] STARTED : verifyHealthCheckResponseTime
03-08-2026 00:28:47 [INFO] PASSED : verifyHealthCheckResponseTime
03-08-2026 00:28:47 [INFO] STARTED : verifyHealthCheckWithoutAuthentication
03-08-2026 00:28:49 [INFO] PASSED : verifyHealthCheckWithoutAuthentication
03-08-2026 00:28:49 [INFO] STARTED : verifyAuthToken
03-08-2026 00:28:51 [INFO] PASSED : verifyAuthToken
03-08-2026 00:28:51 [INFO] STARTED : verifyWithInvalidUsername
03-08-2026 00:28:53 [INFO] PASSED : verifyWithInvalidUsername
03-08-2026 00:28:53 [INFO] STARTED : verifyWithInvalidPassword
03-08-2026 00:28:54 [INFO] PASSED : verifyWithInvalidPassword
03-08-2026 00:28:54 [INFO] STARTED : verifyUsernameFieldEmpty
03-08-2026 00:28:56 [INFO] PASSED : verifyUsernameFieldEmpty
03-08-2026 00:28:56 [INFO] STARTED : verifyPasswordFieldEmpty
03-08-2026 00:28:57 [INFO] PASSED : verifyPasswordFieldEmpty
03-08-2026 00:28:57 [INFO] STARTED : verifyWithEmptyBody
03-08-2026 00:28:59 [INFO] PASSED : verifyWithEmptyBody
03-08-2026 00:28:59 [INFO] STARTED : createBooking
03-08-2026 00:29:01 [INFO] PASSED : createBooking
03-08-2026 00:29:01 [INFO] STARTED : creat_booking_without_aditional_fields
03-08-2026 00:29:02 [INFO] PASSED : creat_booking_without_aditional_fields
03-08-2026 00:29:02 [INFO] STARTED : creating_booking_without_fristname
03-08-2026 00:29:04 [INFO] PASSED : creating_booking_without_fristname
03-08-2026 00:29:04 [INFO] STARTED : creating_booking_without_lastname
03-08-2026 00:29:06 [INFO] PASSED : creating_booking_without_lastname
03-08-2026 00:29:06 [INFO] STARTED : creating_booking_without_date_object
03-08-2026 00:29:07 [INFO] PASSED : creating_booking_without_date_object
03-08-2026 00:29:07 [INFO] STARTED : booking_with_totalprice_negative_number
03-08-2026 00:29:09 [INFO] PASSED : booking_with_totalprice_negative_number
03-08-2026 00:29:09 [INFO] STARTED : booking_with_totalprice_as_string
03-08-2026 00:29:11 [INFO] PASSED : booking_with_totalprice_as_string
03-08-2026 00:29:11 [INFO] STARTED : booking_depositpaid_as_string
03-08-2026 00:29:13 [INFO] PASSED : booking_depositpaid_as_string
03-08-2026 00:29:13 [INFO] STARTED : booking_dates
03-08-2026 00:29:15 [INFO] PASSED : booking_dates
03-08-2026 00:29:15 [INFO] STARTED : booking_with_special_characters_long_string
03-08-2026 00:29:16 [INFO] PASSED : booking_with_special_characters_long_string
03-08-2026 00:29:16 [INFO] STARTED : get_booking
03-08-2026 00:29:19 [INFO] PASSED : get_booking
03-08-2026 00:29:19 [INFO] STARTED : verifyBookingListReturned
03-08-2026 00:29:22 [INFO] PASSED : verifyBookingListReturned
03-08-2026 00:29:22 [INFO] STARTED : filter_by_firstname
03-08-2026 00:29:23 [INFO] PASSED : filter_by_firstname
03-08-2026 00:29:23 [INFO] STARTED : filter_by_lastname
03-08-2026 00:29:25 [INFO] PASSED : filter_by_lastname
03-08-2026 00:29:25 [INFO] STARTED : checking_checkout_date
03-08-2026 00:29:27 [INFO] PASSED : checking_checkout_date
03-08-2026 00:29:27 [INFO] STARTED : verifyBookingWithNonExistentFilterValue
03-08-2026 00:29:28 [INFO] PASSED : verifyBookingWithNonExistentFilterValue
03-08-2026 00:29:28 [INFO] STARTED : get_booking_id
03-08-2026 00:29:30 [INFO] PASSED : get_booking_id
03-08-2026 00:29:30 [INFO] STARTED : verifyBookingResponseStructure
03-08-2026 00:29:32 [INFO] PASSED : verifyBookingResponseStructure
03-08-2026 00:29:32 [INFO] STARTED : verify_non_existing_id
03-08-2026 00:29:33 [INFO] PASSED : verify_non_existing_id
03-08-2026 00:29:33 [INFO] STARTED : verify_booking_id_with_negative_number
03-08-2026 00:29:36 [INFO] PASSED : verify_booking_id_with_negative_number
03-08-2026 00:29:36 [INFO] STARTED : verify_booking_id_non_numeric_alphabetic
03-08-2026 00:29:38 [INFO] PASSED : verify_booking_id_non_numeric_alphabetic
03-08-2026 00:29:38 [INFO] STARTED : verify_booking_url_with_empty_parameter
03-08-2026 00:29:39 [INFO] PASSED : verify_booking_url_with_empty_parameter
03-08-2026 00:29:39 [INFO] STARTED : verifyUpdateBooking
03-08-2026 00:29:41 [INFO] PASSED : verifyUpdateBooking
03-08-2026 00:29:41 [INFO] STARTED : verifyUpdatedBookingDataPersists
03-08-2026 00:29:43 [INFO] PASSED : verifyUpdatedBookingDataPersists
03-08-2026 00:29:43 [INFO] STARTED : verify_booking_updation_without_auth
03-08-2026 00:29:45 [INFO] PASSED : verify_booking_updation_without_auth
03-08-2026 00:29:45 [INFO] STARTED : verify_booking_updation_invalid_token
03-08-2026 00:29:46 [INFO] PASSED : verify_booking_updation_invalid_token
03-08-2026 00:29:46 [INFO] STARTED : verify_with_valid_token_non_existing_id
03-08-2026 00:29:48 [INFO] PASSED : verify_with_valid_token_non_existing_id
03-08-2026 00:29:48 [INFO] STARTED : verify_missing_field
03-08-2026 00:29:50 [INFO] PASSED : verify_missing_field
03-08-2026 00:29:50 [INFO] STARTED : verify_empty_body
03-08-2026 00:29:52 [INFO] PASSED : verify_empty_body
03-08-2026 00:29:52 [INFO] STARTED : verify_with_totalprice_non_number
03-08-2026 00:29:54 [INFO] PASSED : verify_with_totalprice_non_number
03-08-2026 00:29:54 [INFO] STARTED : verify_with_change_name_field
03-08-2026 00:29:55 [INFO] PASSED : verify_with_change_name_field
03-08-2026 00:29:55 [INFO] STARTED : verify_update_multiple_fields
03-08-2026 00:29:57 [INFO] PASSED : verify_update_multiple_fields
03-08-2026 00:29:57 [INFO] STARTED : verify_updated_fields
03-08-2026 00:29:59 [INFO] PASSED : verify_updated_fields
03-08-2026 00:29:59 [INFO] STARTED : verify_updation_without_auth
03-08-2026 00:30:00 [INFO] PASSED : verify_updation_without_auth
03-08-2026 00:30:00 [INFO] STARTED : verify_with_invalid_token_patch
03-08-2026 00:30:02 [INFO] PASSED : verify_with_invalid_token_patch
03-08-2026 00:30:02 [INFO] STARTED : verify_with_depositpaid_invalid_strings
03-08-2026 00:30:04 [INFO] PASSED : verify_with_depositpaid_invalid_strings
03-08-2026 00:30:04 [INFO] STARTED : delete_existing_booking
03-08-2026 00:30:05 [INFO] PASSED : delete_existing_booking
03-08-2026 00:30:05 [INFO] STARTED : verify_deleted_booking_is_no_longer_accessible
03-08-2026 00:30:07 [INFO] PASSED : verify_deleted_booking_is_no_longer_accessible
03-08-2026 00:30:07 [INFO] STARTED : verify_delete_is_rejected_when_no_authentication_token_is_provided
03-08-2026 00:30:09 [INFO] PASSED : verify_delete_is_rejected_when_no_authentication_token_is_provided
03-08-2026 00:30:09 [INFO] STARTED : verify_delete_is_rejected_with_an_invalid_token
03-08-2026 00:30:11 [INFO] PASSED : verify_delete_is_rejected_with_an_invalid_token
03-08-2026 00:30:11 [INFO] STARTED : verify_delete_fails_for_a_non_existent_booking_ID_even_with_a_valid_token
03-08-2026 00:30:12 [INFO] PASSED : verify_delete_fails_for_a_non_existent_booking_ID_even_with_a_valid_token
03-08-2026 00:30:12 [INFO] ========== Test Suite Finished : API Automation Tests ==========
